../Core/Src/main.c:102:5:main	88	static,ignoring_inline_asm
../Core/Src/main.c:203:6:SystemClock_Config	120	static
../Core/Src/main.c:262:13:MX_SPI4_Init	8	static
../Core/Src/main.c:310:13:MX_TIM1_Init	120	static
../Core/Src/main.c:389:13:MX_TIM2_Init	64	static
../Core/Src/main.c:447:13:MX_TIM23_Init	40	static
../Core/Src/main.c:490:13:MX_DMA_Init	16	static
../Core/Src/main.c:511:13:MX_GPIO_Init	56	static
../Core/Src/main.c:541:6:HAL_SPI_TxRxCpltCallback	24	static,ignoring_inline_asm
../Core/Src/main.c:605:6:StartDefaultTask	16	static
../Core/Src/main.c:624:6:startEthernetTask	32	static
../Core/Src/main.c:684:6:MPU_Config	24	static
../Core/Src/main.c:741:6:HAL_TIM_PeriodElapsedCallback	16	static
../Core/Src/main.c:763:6:Error_Handler	4	static,ignoring_inline_asm
