../Core/Src/main.c:102:5:main	88	static,ignoring_inline_asm
../Core/Src/main.c:204:6:SystemClock_Config	120	static
../Core/Src/main.c:263:13:MX_SPI4_Init	8	static
../Core/Src/main.c:311:13:MX_TIM1_Init	120	static
../Core/Src/main.c:390:13:MX_TIM2_Init	64	static
../Core/Src/main.c:448:13:MX_TIM23_Init	40	static
../Core/Src/main.c:491:13:MX_DMA_Init	16	static
../Core/Src/main.c:512:13:MX_GPIO_Init	56	static
../Core/Src/main.c:541:6:HAL_SPI_TxRxCpltCallback	24	static,ignoring_inline_asm
../Core/Src/main.c:605:6:StartDefaultTask	16	static
../Core/Src/main.c:623:6:startEthernetTask	32	static
../Core/Src/main.c:685:6:MPU_Config	24	static
../Core/Src/main.c:742:6:HAL_TIM_PeriodElapsedCallback	16	static
../Core/Src/main.c:764:6:Error_Handler	4	static,ignoring_inline_asm
